4. 
$ mkdir SI_2024_lab1_223128

$ cd SI_2024_lab1_223128

$ git init
Initialized empty Git repository in C:/Users/Eva/SI_2024_lab1_223128/.git/

5.
$ git remote add origin git@github.com:evabekjarovaa/SI_2024_lab1_223128.git

6.
$ git add README.md

$ git commit -m "Initial Commit"


$ git push -u origin master -f
Enumerating objects: 3, done.
Counting objects: 100% (3/3), done.
Writing objects: 100% (3/3), 249 bytes | 83.00 KiB/s, done.
Total 3 (delta 0), reused 0 (delta 0), pack-reused 0 (from 0)
To github.com:evabekjarovaa/SI_2024_lab1_223128.git
 + aaed9f8...d485267 master -> master (forced update)
branch 'master' set up to track 'origin/master'.

7. 
$ git add *

$ git commit -m "Add starter code"
[master edcebee] Add starter code
 3 files changed, 47 insertions(+)
 create mode 100644 SILab1Main.java
 create mode 100644 SILab1_1.java
 create mode 100644 SILab1_2.java



8.
$ git push origin master
Enumerating objects: 6, done.
Counting objects: 100% (6/6), done.
Delta compression using up to 4 threads
Compressing objects: 100% (5/5), done.
Writing objects: 100% (5/5), 938 bytes | 469.00 KiB/s, done.
Total 5 (delta 0), reused 0 (delta 0), pack-reused 0 (from 0)
To github.com:evabekjarovaa/SI_2024_lab1_223128.git
   d485267..edcebee  master -> master

9.
$ git branch bug1
$ git branch bug2

10.
$ git checkout bug1
Switched to branch 'bug1'

11.
$ git add *

$ git commit -m "Fix wrong condition in filterOddLengthStrings"
[bug1 e70ef0d] Fix wrong condition in filterOddLengthStrings
 1 file changed, 1 insertion(+), 1 deletion(-)

12.
$ git checkout bug2
Switched to branch 'bug2'

13.
$ git add *

$ git commit -m " Fix wrong condition in makeBigStringFrom"
[bug2 8794a3f]  Fix wrong condition in makeBigStringFrom
 1 file changed, 1 insertion(+), 1 deletion(-)

14.
$ git checkout bug1
Switched to branch 'bug1'

15.
$ git add *

$ git commit -m "Call method filterOddLengthStrings in main class"
[bug1 3ac11e2] Call method filterOddLengthStrings in main class
 1 file changed, 2 insertions(+)

16.
$ git checkout bug2
Switched to branch 'bug2'

17.
$ git add *

$ git commit -m "Call method makeBigStringFrom in main class"
[bug2 af44bab] Call method makeBigStringFrom in main class
 1 file changed, 1 insertion(+)

18.
$ git push origin bug1
Enumerating objects: 9, done.
Counting objects: 100% (9/9), done.
Delta compression using up to 4 threads
Compressing objects: 100% (6/6), done.
Writing objects: 100% (6/6), 736 bytes | 368.00 KiB/s, done.
Total 6 (delta 3), reused 0 (delta 0), pack-reused 0 (from 0)
remote: Resolving deltas: 100% (3/3), completed with 2 local objects.
remote:
remote: Create a pull request for 'bug1' on GitHub by visiting:
remote:      https://github.com/evabekjarovaa/SI_2024_lab1_223128/pull/new/bug1
remote:
To github.com:evabekjarovaa/SI_2024_lab1_223128.git
 * [new branch]      bug1 -> bug1


$ git push origin bug2
Enumerating objects: 9, done.
Counting objects: 100% (9/9), done.
Delta compression using up to 4 threads
Compressing objects: 100% (6/6), done.
Writing objects: 100% (6/6), 677 bytes | 338.00 KiB/s, done.
Total 6 (delta 4), reused 0 (delta 0), pack-reused 0 (from 0)
remote: Resolving deltas: 100% (4/4), completed with 3 local objects.
remote:
remote: Create a pull request for 'bug2' on GitHub by visiting:
remote:      https://github.com/evabekjarovaa/SI_2024_lab1_223128/pull/new/bug2
remote:
To github.com:evabekjarovaa/SI_2024_lab1_223128.git
 * [new branch]      bug2 -> bug2

19.
$ git checkout master
Switched to branch 'master'
Your branch is up to date with 'origin/master'.

20.
$ git merge bug1
Updating edcebee..3ac11e2
Fast-forward
 SILab1Main.java | 2 ++
 SILab1_1.java   | 2 +-
 2 files changed, 3 insertions(+), 1 deletion(-)

-Нема конфликт 

21.
$ git push origin master
Total 0 (delta 0), reused 0 (delta 0), pack-reused 0 (from 0)
To github.com:evabekjarovaa/SI_2024_lab1_223128.git
   edcebee..3ac11e2  master -> master

22.
$ git checkout bug2
Switched to branch 'bug2'

23.
$ git rebase master
Auto-merging SILab1Main.java
CONFLICT (content): Merge conflict in SILab1Main.java
error: could not apply af44bab... Call method makeBigStringFrom in main class
hint: Resolve all conflicts manually, mark them as resolved with
hint: "git add/rm <conflicted_files>", then run "git rebase --continue".
hint: You can instead skip this commit: run "git rebase --skip".
hint: To abort and get back to the state before "git rebase", run "git rebase --abort".
Could not apply af44bab... Call method makeBigStringFrom in main class

-Има конфликт. Одлучено е да се остават двата повика на функциите после for циклусот.


$ git rebase --continue
hint: Waiting for your editor to close the file...       0 [sig] bash 2168! sigpacket::process: Suppressing signal 18 to win32 process (pid 1012)
                                                    2416145 [sig] bash 2168! sigpacket::process: Suppressing signal 18 to win32 process (pid 1012)
[detached HEAD 21b5bc6] Call method makeBigStringFrom in main class
 1 file changed, 4 insertions(+)
Successfully rebased and updated refs/heads/bug2.
 


24.
$ git checkout master
Switched to branch 'master'
Your branch is up to date with 'origin/master'.

25.
$ git merge bug2
Updating 3ac11e2..21b5bc6
Fast-forward
 SILab1Main.java | 4 ++++
 SILab1_2.java   | 2 +-
 2 files changed, 5 insertions(+), 1 deletion(-)

-Нема конфликт

26.
$ git push origin master
Enumerating objects: 9, done.
Counting objects: 100% (9/9), done.
Delta compression using up to 4 threads
Compressing objects: 100% (6/6), done.
Writing objects: 100% (6/6), 668 bytes | 334.00 KiB/s, done.
Total 6 (delta 4), reused 0 (delta 0), pack-reused 0 (from 0)
remote: Resolving deltas: 100% (4/4), completed with 3 local objects.
To github.com:evabekjarovaa/SI_2024_lab1_223128.git
   3ac11e2..21b5bc6  master -> master

27.
$ git push -u origin bug1 -f
Everything up-to-date
branch 'bug1' set up to track 'origin/bug1'.

$ git checkout bug2
Switched to branch 'bug2'

$ git push -u origin bug2 -f
Total 0 (delta 0), reused 0 (delta 0), pack-reused 0 (from 0)
To github.com:evabekjarovaa/SI_2024_lab1_223128.git
 + af44bab...21b5bc6 bug2 -> bug2 (forced update)
branch 'bug2' set up to track 'origin/bug2'.

28.
$ git log

$ git add *

$ git commit -m " Final commit" 

29. 
$ git push origin master 


